
========= Qhull with rbox, qconvex, qdelaunay, qvoronoi, qhalf ============

      Use arrow keys to repeat and edit commands.

      Double-click window bar for full height, or
           "right-click > Properties > Layout > Window Size > Height > 50 "

      Type 'qconvex' for synopsis and examples.

=========

Microsoft Windows [Version 10.0.17134.112]
(c) 2018 Microsoft Corporation. Alle Rechte vorbehalten.

D:\QSync\Master_Studium\computational_geometry\Praktikum\ComputationalGeometry\Aufgabe4\qhull-2015.2\qhull-2015.2\bin>rbox 10000 D2| qconvex s

Convex hull of 10000 points in 2-d:

  Number of vertices: 21
  Number of facets: 21

Statistics for: rbox 10000 D2 | qconvex s

  Number of points processed: 21
  Number of hyperplanes created: 40
  Number of distance tests for qhull: 65973
  CPU seconds to compute hull (after input):  0


D:\QSync\Master_Studium\computational_geometry\Praktikum\ComputationalGeometry\Aufgabe4\qhull-2015.2\qhull-2015.2\bin>rbox 10000 D3| qconvex s

Convex hull of 10000 points in 3-d:

  Number of vertices: 114
  Number of facets: 224

Statistics for: rbox 10000 D3 | qconvex s

  Number of points processed: 143
  Number of hyperplanes created: 659
  Number of distance tests for qhull: 126796
  CPU seconds to compute hull (after input):  0


D:\QSync\Master_Studium\computational_geometry\Praktikum\ComputationalGeometry\Aufgabe4\qhull-2015.2\qhull-2015.2\bin>rbox 10000 D4#| qconvex s
QH7071 rbox error: missing space between flags at #.
QH6075 qhull input error: short input file.  Did not find dimension and number of points

While executing:  | qconvex s
Options selected for Qhull 2015.2 2016/01/18:
  run-id 641730721  summary

D:\QSync\Master_Studium\computational_geometry\Praktikum\ComputationalGeometry\Aufgabe4\qhull-2015.2\qhull-2015.2\bin>rbox 10000 D4| qconvex s

Convex hull of 10000 points in 4-d:

  Number of vertices: 421
  Number of facets: 2392

Statistics for: rbox 10000 D4 | qconvex s

  Number of points processed: 548
  Number of hyperplanes created: 9612
  Number of distance tests for qhull: 348239
  Number of distance tests for merging: 48195
  Number of distance tests for checking: 36226
  Number of merged facets: 4
  CPU seconds to compute hull (after input): 0.031


D:\QSync\Master_Studium\computational_geometry\Praktikum\ComputationalGeometry\Aufgabe4\qhull-2015.2\qhull-2015.2\bin>rbox 10000 D5| qconvex s

Convex hull of 10000 points in 5-d:

  Number of vertices: 954
  Number of facets: 19011
  Number of non-simplicial facets: 3

Statistics for: rbox 10000 D5 | qconvex s

  Number of points processed: 1393
  Number of hyperplanes created: 116094
  Number of distance tests for qhull: 1824521
  Number of distance tests for merging: 515269
  Number of distance tests for checking: 168641
  Number of merged facets: 18
  CPU seconds to compute hull (after input): 0.344


D:\QSync\Master_Studium\computational_geometry\Praktikum\ComputationalGeometry\Aufgabe4\qhull-2015.2\qhull-2015.2\bin>rbox 10000 D6| qconvex s

Convex hull of 10000 points in 6-d:

  Number of vertices: 1897
  Number of facets: 172963
  Number of non-simplicial facets: 22

Statistics for: rbox 10000 D6 | qconvex s

  Number of points processed: 2750
  Number of hyperplanes created: 1292139
  Number of distance tests for qhull: 13640516
  Number of distance tests for merging: 9373975
  Number of distance tests for checking: 1759834
  Number of merged facets: 235
  CPU seconds to compute hull (after input): 7.289
D:\QSync\Master_Studium\computational_geometry\Praktikum\ComputationalGeometry\Aufgabe4\qhull-2015.2\qhull-2015.2\bin>rbox 100000 D6| qconvex s

Convex hull of 100000 points in 6-d:

  Number of vertices: 5193
  Number of facets: 491209
  Number of non-simplicial facets: 402

Statistics for: rbox 100000 D6 | qconvex s

  Number of points processed: 8604
  Number of hyperplanes created: 4279674
  Number of distance tests for qhull: 143702263
  Number of distance tests for merging: 36576317
  Number of distance tests for checking: 5000607
  Number of merged facets: 4524
  CPU seconds to compute hull (after input): 16.42
  Maximum distance of point above facet: 5.8e-015 (0.2x)
  Maximum distance of vertex below facet: -8.7e-015 (0.4x)


D:\QSync\Master_Studium\computational_geometry\Praktikum\ComputationalGeometry\Aufgabe4\qhull-2015.2\qhull-2015.2\bin>rbox 100000 D5| qconvex s

Convex hull of 100000 points in 5-d:

  Number of vertices: 2407
  Number of facets: 52459
  Number of non-simplicial facets: 33

Statistics for: rbox 100000 D5 | qconvex s

  Number of points processed: 4043
  Number of hyperplanes created: 388005
  Number of distance tests for qhull: 18672691
  Number of distance tests for merging: 2523911
  Number of distance tests for checking: 465647
  Number of merged facets: 280
  CPU seconds to compute hull (after input): 1.047
  Maximum distance of vertex below facet: -2.8e-015 (0.2x)


D:\QSync\Master_Studium\computational_geometry\Praktikum\ComputationalGeometry\Aufgabe4\qhull-2015.2\qhull-2015.2\bin>rbox 100000 D4| qconvex s

Convex hull of 100000 points in 4-d:

  Number of vertices: 750
  Number of facets: 4251
  Number of non-simplicial facets: 5

Statistics for: rbox 100000 D4 | qconvex s

  Number of points processed: 1089
  Number of hyperplanes created: 20544
  Number of distance tests for qhull: 3427312
  Number of distance tests for merging: 104256
  Number of distance tests for checking: 32187
  Number of merged facets: 32
  CPU seconds to compute hull (after input): 0.063
  Maximum distance of point above facet: 2.4e-015 (0.2x)


D:\QSync\Master_Studium\computational_geometry\Praktikum\ComputationalGeometry\Aufgabe4\qhull-2015.2\qhull-2015.2\bin>rbox 100000 D3| qconvex s

Convex hull of 100000 points in 3-d:

  Number of vertices: 206
  Number of facets: 403
  Number of non-simplicial facets: 4

Statistics for: rbox 100000 D3 | qconvex s

  Number of points processed: 269
  Number of hyperplanes created: 1368
  Number of distance tests for qhull: 1238173
  Number of distance tests for merging: 5638
  Number of distance tests for checking: 2587
  Number of merged facets: 9
  CPU seconds to compute hull (after input): 0.031


D:\QSync\Master_Studium\computational_geometry\Praktikum\ComputationalGeometry\Aufgabe4\qhull-2015.2\qhull-2015.2\bin>rbox 100000 D2| qconvex s

Convex hull of 100000 points in 2-d:

  Number of vertices: 27
  Number of facets: 27

Statistics for: rbox 100000 D2 | qconvex s

  Number of points processed: 27
  Number of hyperplanes created: 52
  Number of distance tests for qhull: 657163
  CPU seconds to compute hull (after input):  0


D:\QSync\Master_Studium\computational_geometry\Praktikum\ComputationalGeometry\Aufgabe4\qhull-2015.2\qhull-2015.2\bin>